// 重构日志: a9863216
// 重构日志: 9b630d6b
// 重构日志: 32b284d1
// 重构日志: dd455702
// 同步 ID: 152b9ba1 @ Tue Jul 21 11:14:39 UTC 2026
// 同步 ID: 1c2a976c @ Tue Jul 21 21:20:04 UTC 2026
// 重构日志: 7ce87f80
// 重构日志: 51d4d633
// 重构日志: 54a0a1f2
// 重构日志: f14e4370
// 重构日志: 3a690df3
// 重构日志: 9a4ae323
// 重构日志: 9275867a
// 同步 ID: 14cd61ff @ Fri Jul 24 05:29:14 UTC 2026
// 重构日志: 0f915a61
// 同步 ID: f911a035 @ Fri Jul 24 16:20:36 UTC 2026
// 重构日志: 4fd943ee
// 重构日志: 2faa064e
// 同步 ID: 3ee0ce1e @ Sun Jul 26 08:29:56 UTC 2026
// 重构日志: 4af27e81
// 同步 ID: 3288e014 @ Tue Jul 28 07:48:25 UTC 2026
// 重构日志: a0434d0a
// 同步 ID: e0e4713d @ Tue Jul 28 15:19:14 UTC 2026
// 同步 ID: 20e48525 @ Wed Jul 29 00:06:42 UTC 2026
// 同步 ID: 6d163f7b @ Wed Jul 29 01:58:46 UTC 2026
// 同步 ID: b51c30c0 @ Wed Jul 29 13:48:46 UTC 2026
// 同步 ID: 655701b2 @ Wed Jul 29 20:43:21 UTC 2026
// 同步 ID: 678f9936 @ Thu Jul 30 07:35:16 UTC 2026
// 重构日志: 86ff97f6
// 同步 ID: 48ba4255 @ Thu Jul 30 12:29:41 UTC 2026
